// Jest Snapshot v1, https://goo.gl/fbAQLP

exports[`apply generates source maps 1`] = `
Array [
  "2:4 -> 2:4",
  "3:6-27 -> 3:6-27",
  "4:6-33 -> 4:6-18",
  "4:6-33 -> 5:6-17",
  "4:6-33 -> 6:6-24",
  "4:6-33 -> 7:6-61",
  "5:4 -> 8:4",
  "7:4 -> 10:4",
  "8:6-39 -> 11:6-39",
  "9:6-31 -> 12:6-18",
  "9:6-31 -> 13:6-17",
  "9:6-31 -> 14:6-24",
  "9:6-31 -> 15:6-61",
  "10:4 -> 16:4",
  "13:6 -> 18:4",
  "13:6-29 -> 19:6-18",
  "13:6-29 -> 20:6-17",
  "13:6-29 -> 21:6-24",
  "13:6 -> 22:6",
  "13:29 -> 23:0",
]
`;

exports[`components have source maps 1`] = `
Array [
  "2:4 -> 1:0",
  "2:4 -> 2:4",
  "2:24 -> 3:0",
  "2:4 -> 4:0",
  "2:4 -> 5:4",
  "2:4 -> 6:8",
  "2:24 -> 7:4",
  "2:24 -> 8:0",
  "2:4 -> 9:0",
  "2:4 -> 10:4",
  "2:4 -> 11:8",
  "2:24 -> 12:4",
  "2:24 -> 13:0",
  "2:4 -> 14:0",
  "2:4 -> 15:4",
  "2:4 -> 16:8",
  "2:24 -> 17:4",
  "2:24 -> 18:0",
  "2:4 -> 19:0",
  "2:4 -> 20:4",
  "2:4 -> 21:8",
  "2:24 -> 22:4",
  "2:24 -> 23:0",
  "2:4 -> 24:0",
  "2:4 -> 25:4",
  "2:4 -> 26:8",
  "2:24 -> 27:4",
  "2:24 -> 28:0",
]
`;

exports[`preflight + base have source maps 1`] = `
Array [
  "2:4 -> 1:0",
  "2:18-4 -> 3:1-2",
  "2:18 -> 6:1",
  "2:4 -> 8:0",
  "2:4-18 -> 11:2-32",
  "2:4-18 -> 12:2-25",
  "2:4-18 -> 13:2-29",
  "2:4-18 -> 14:2-31",
  "2:18 -> 15:0",
  "2:4 -> 17:0",
  "2:4-18 -> 19:2-18",
  "2:18 -> 20:0",
  "2:4 -> 22:0",
  "2:18 -> 27:1",
  "2:4 -> 29:0",
  "2:4-18 -> 30:2-26",
  "2:4-18 -> 31:2-40",
  "2:4-18 -> 32:2-26",
  "2:4-18 -> 33:2-21",
  "2:4-18 -> 34:2-230",
  "2:18 -> 35:0",
  "2:4 -> 37:0",
  "2:18 -> 40:1",
  "2:4 -> 42:0",
  "2:4-18 -> 43:2-19",
  "2:4-18 -> 44:2-30",
  "2:18 -> 45:0",
  "2:4 -> 47:0",
  "2:18 -> 51:1",
  "2:4 -> 53:0",
  "2:4-18 -> 54:2-19",
  "2:4-18 -> 55:2-24",
  "2:4-18 -> 56:2-31",
  "2:18 -> 57:0",
  "2:4 -> 59:0",
  "2:18 -> 61:1",
  "2:4 -> 63:0",
  "2:4-18 -> 64:2-35",
  "2:18 -> 65:0",
  "2:4 -> 67:0",
  "2:18 -> 69:1",
  "2:4 -> 71:0",
  "2:4-18 -> 77:2-20",
  "2:4-18 -> 78:2-22",
  "2:18 -> 79:0",
  "2:4 -> 81:0",
  "2:18 -> 83:1",
  "2:4 -> 85:0",
  "2:4-18 -> 86:2-16",
  "2:4-18 -> 87:2-26",
  "2:18 -> 88:0",
  "2:4 -> 90:0",
  "2:18 -> 92:1",
  "2:4 -> 94:0",
  "2:4-18 -> 96:2-21",
  "2:18 -> 97:0",
  "2:4 -> 99:0",
  "2:18 -> 102:1",
  "2:4 -> 104:0",
  "2:4-18 -> 108:2-121",
  "2:4-18 -> 109:2-24",
  "2:18 -> 110:0",
  "2:4 -> 112:0",
  "2:18 -> 114:1",
  "2:4 -> 116:0",
  "2:4-18 -> 117:2-16",
  "2:18 -> 118:0",
  "2:4 -> 120:0",
  "2:18 -> 122:1",
  "2:4 -> 124:0",
  "2:4-18 -> 126:2-16",
  "2:4-18 -> 127:2-16",
  "2:4-18 -> 128:2-20",
  "2:4-18 -> 129:2-26",
  "2:18 -> 130:0",
  "2:4 -> 132:0",
  "2:4-18 -> 133:2-17",
  "2:18 -> 134:0",
  "2:4 -> 136:0",
  "2:4-18 -> 137:2-13",
  "2:18 -> 138:0",
  "2:4 -> 140:0",
  "2:18 -> 144:1",
  "2:4 -> 146:0",
  "2:4-18 -> 147:2-24",
  "2:4-18 -> 148:2-31",
  "2:4-18 -> 149:2-35",
  "2:18 -> 150:0",
  "2:4 -> 152:0",
  "2:18 -> 156:1",
  "2:4 -> 158:0",
  "2:4-18 -> 163:2-30",
  "2:4-18 -> 164:2-25",
  "2:4-18 -> 165:2-30",
  "2:4-18 -> 166:2-30",
  "2:4-18 -> 167:2-24",
  "2:4-18 -> 168:2-19",
  "2:4-18 -> 169:2-20",
  "2:18 -> 170:0",
  "2:4 -> 172:0",
  "2:18 -> 174:1",
  "2:4 -> 176:0",
  "2:4-18 -> 178:2-22",
  "2:18 -> 179:0",
  "2:4 -> 181:0",
  "2:18 -> 184:1",
  "2:4 -> 186:0",
  "2:4-18 -> 190:2-36",
  "2:4-18 -> 191:2-39",
  "2:4-18 -> 192:2-32",
  "2:18 -> 193:0",
  "2:4 -> 195:0",
  "2:18 -> 197:1",
  "2:4 -> 199:0",
  "2:4-18 -> 200:2-15",
  "2:18 -> 201:0",
  "2:4 -> 203:0",
  "2:18 -> 205:1",
  "2:4 -> 207:0",
  "2:4-18 -> 208:2-18",
  "2:18 -> 209:0",
  "2:4 -> 211:0",
  "2:18 -> 213:1",
  "2:4 -> 215:0",
  "2:4-18 -> 216:2-26",
  "2:18 -> 217:0",
  "2:4 -> 219:0",
  "2:18 -> 221:1",
  "2:4 -> 223:0",
  "2:4-18 -> 225:2-14",
  "2:18 -> 226:0",
  "2:4 -> 228:0",
  "2:18 -> 231:1",
  "2:4 -> 233:0",
  "2:4-18 -> 234:2-39",
  "2:4-18 -> 235:2-30",
  "2:18 -> 236:0",
  "2:4 -> 238:0",
  "2:18 -> 240:1",
  "2:4 -> 242:0",
  "2:4-18 -> 243:2-26",
  "2:18 -> 244:0",
  "2:4 -> 246:0",
  "2:18 -> 249:1",
  "2:4 -> 251:0",
  "2:4-18 -> 252:2-36",
  "2:4-18 -> 253:2-23",
  "2:18 -> 254:0",
  "2:4 -> 256:0",
  "2:18 -> 258:1",
  "2:4 -> 260:0",
  "2:4-18 -> 261:2-20",
  "2:18 -> 262:0",
  "2:4 -> 264:0",
  "2:18 -> 266:1",
  "2:4 -> 268:0",
  "2:4-18 -> 281:2-11",
  "2:18 -> 282:0",
  "2:4 -> 284:0",
  "2:4-18 -> 285:2-11",
  "2:4-18 -> 286:2-12",
  "2:18 -> 287:0",
  "2:4 -> 289:0",
  "2:4-18 -> 290:2-12",
  "2:18 -> 291:0",
  "2:4 -> 293:0",
  "2:4-18 -> 296:2-18",
  "2:4-18 -> 297:2-11",
  "2:4-18 -> 298:2-12",
  "2:18 -> 299:0",
  "2:4 -> 301:0",
  "2:18 -> 303:1",
  "2:4 -> 305:0",
  "2:4-18 -> 306:2-18",
  "2:18 -> 307:0",
  "2:4 -> 309:0",
  "2:18 -> 312:1",
  "2:4 -> 314:0",
  "2:4-18 -> 316:2-20",
  "2:4-18 -> 317:2-24",
  "2:18 -> 318:0",
  "2:4 -> 320:0",
  "2:18 -> 324:1",
  "2:4 -> 326:0",
  "2:4-18 -> 334:2-24",
  "2:4-18 -> 335:2-32",
  "2:18 -> 336:0",
  "2:4 -> 338:0",
  "2:18 -> 340:1",
  "2:4 -> 342:0",
  "2:4-18 -> 344:2-17",
  "2:4-18 -> 345:2-14",
  "2:18 -> 346:0",
  "2:4 -> 348:0",
  "2:4-18 -> 349:2-26",
  "2:4-18 -> 350:2-26",
  "2:4-18 -> 351:2-21",
  "2:4-18 -> 352:2-21",
  "2:4-18 -> 353:2-16",
  "2:4-18 -> 354:2-16",
  "2:4-18 -> 355:2-16",
  "2:4-18 -> 356:2-17",
  "2:4-18 -> 357:2-17",
  "2:4-18 -> 358:2-15",
  "2:4-18 -> 359:2-15",
  "2:4-18 -> 360:2-20",
  "2:4-18 -> 361:2-40",
  "2:4-18 -> 362:2-17",
  "2:4-18 -> 363:2-22",
  "2:4-18 -> 364:2-24",
  "2:4-18 -> 365:2-25",
  "2:4-18 -> 366:2-26",
  "2:4-18 -> 367:2-20",
  "2:4-18 -> 368:2-29",
  "2:4-18 -> 369:2-30",
  "2:4-18 -> 370:2-40",
  "2:4-18 -> 371:2-36",
  "2:4-18 -> 372:2-29",
  "2:4-18 -> 373:2-24",
  "2:4-18 -> 374:2-32",
  "2:4-18 -> 375:2-14",
  "2:4-18 -> 376:2-20",
  "2:4-18 -> 377:2-18",
  "2:4-18 -> 378:2-19",
  "2:4-18 -> 379:2-20",
  "2:4-18 -> 380:2-16",
  "2:4-18 -> 381:2-18",
  "2:4-18 -> 382:2-15",
  "2:4-18 -> 383:2-21",
  "2:4-18 -> 384:2-23",
  "2:4-18 -> 385:2-29",
  "2:4-18 -> 386:2-27",
  "2:4-18 -> 387:2-28",
  "2:4-18 -> 388:2-29",
  "2:4-18 -> 389:2-25",
  "2:4-18 -> 390:2-26",
  "2:4-18 -> 391:2-27",
  "2:4 -> 392:2",
  "2:18 -> 393:0",
  "2:4 -> 395:0",
  "2:4-18 -> 396:2-26",
  "2:4-18 -> 397:2-26",
  "2:4-18 -> 398:2-21",
  "2:4-18 -> 399:2-21",
  "2:4-18 -> 400:2-16",
  "2:4-18 -> 401:2-16",
  "2:4-18 -> 402:2-16",
  "2:4-18 -> 403:2-17",
  "2:4-18 -> 404:2-17",
  "2:4-18 -> 405:2-15",
  "2:4-18 -> 406:2-15",
  "2:4-18 -> 407:2-20",
  "2:4-18 -> 408:2-40",
  "2:4-18 -> 409:2-17",
  "2:4-18 -> 410:2-22",
  "2:4-18 -> 411:2-24",
  "2:4-18 -> 412:2-25",
  "2:4-18 -> 413:2-26",
  "2:4-18 -> 414:2-20",
  "2:4-18 -> 415:2-29",
  "2:4-18 -> 416:2-30",
  "2:4-18 -> 417:2-40",
  "2:4-18 -> 418:2-36",
  "2:4-18 -> 419:2-29",
  "2:4-18 -> 420:2-24",
  "2:4-18 -> 421:2-32",
  "2:4-18 -> 422:2-14",
  "2:4-18 -> 423:2-20",
  "2:4-18 -> 424:2-18",
  "2:4-18 -> 425:2-19",
  "2:4-18 -> 426:2-20",
  "2:4-18 -> 427:2-16",
  "2:4-18 -> 428:2-18",
  "2:4-18 -> 429:2-15",
  "2:4-18 -> 430:2-21",
  "2:4-18 -> 431:2-23",
  "2:4-18 -> 432:2-29",
  "2:4-18 -> 433:2-27",
  "2:4-18 -> 434:2-28",
  "2:4-18 -> 435:2-29",
  "2:4-18 -> 436:2-25",
  "2:4-18 -> 437:2-26",
  "2:4-18 -> 438:2-27",
  "2:4 -> 439:2",
  "2:18 -> 440:0",
]
`;

exports[`source maps for layer rules are not rewritten to point to @tailwind directives 1`] = `
Array [
  "2:6 -> 1:0",
  "2:6 -> 2:10",
  "2:25 -> 3:0",
  "3:8 -> 4:8",
  "4:10-31 -> 5:10-31",
  "5:8 -> 6:8",
  "3:8 -> 7:8",
  "4:10-31 -> 8:10-31",
  "5:8 -> 9:8",
]
`;
